// Jest Snapshot v1, https://goo.gl/fbAQLP

exports[`checkbox component renders default 1`] = `
initialize {
  "0": Node {
    "attribs": Object {
      "class": "",
    },
    "children": Array [
      Node {
        "attribs": Object {
          "id": "check-test-1",
          "name": "check-test-1",
          "type": "checkbox",
          "value": "",
        },
        "children": Array [],
        "name": "input",
        "namespace": "http://www.w3.org/1999/xhtml",
        "next": Node {
          "attribs": Object {
            "class": "checkboxLabel",
            "for": "check-test-1",
          },
          "children": Array [
            Node {
              "data": "Sample label",
              "next": null,
              "parent": [Circular],
              "prev": null,
              "type": "text",
            },
          ],
          "name": "label",
          "namespace": "http://www.w3.org/1999/xhtml",
          "next": null,
          "parent": [Circular],
          "prev": [Circular],
          "type": "tag",
          "x-attribsNamespace": Object {
            "class": undefined,
            "for": undefined,
          },
          "x-attribsPrefix": Object {
            "class": undefined,
            "for": undefined,
          },
        },
        "parent": [Circular],
        "prev": null,
        "type": "tag",
        "x-attribsNamespace": Object {
          "id": undefined,
          "name": undefined,
          "type": undefined,
          "value": undefined,
        },
        "x-attribsPrefix": Object {
          "id": undefined,
          "name": undefined,
          "type": undefined,
          "value": undefined,
        },
      },
      Node {
        "attribs": Object {
          "class": "checkboxLabel",
          "for": "check-test-1",
        },
        "children": Array [
          Node {
            "data": "Sample label",
            "next": null,
            "parent": [Circular],
            "prev": null,
            "type": "text",
          },
        ],
        "name": "label",
        "namespace": "http://www.w3.org/1999/xhtml",
        "next": null,
        "parent": [Circular],
        "prev": Node {
          "attribs": Object {
            "id": "check-test-1",
            "name": "check-test-1",
            "type": "checkbox",
            "value": "",
          },
          "children": Array [],
          "name": "input",
          "namespace": "http://www.w3.org/1999/xhtml",
          "next": [Circular],
          "parent": [Circular],
          "prev": null,
          "type": "tag",
          "x-attribsNamespace": Object {
            "id": undefined,
            "name": undefined,
            "type": undefined,
            "value": undefined,
          },
          "x-attribsPrefix": Object {
            "id": undefined,
            "name": undefined,
            "type": undefined,
            "value": undefined,
          },
        },
        "type": "tag",
        "x-attribsNamespace": Object {
          "class": undefined,
          "for": undefined,
        },
        "x-attribsPrefix": Object {
          "class": undefined,
          "for": undefined,
        },
      },
    ],
    "name": "div",
    "namespace": "http://www.w3.org/1999/xhtml",
    "next": null,
    "parent": Node {
      "children": Array [
        [Circular],
      ],
      "name": "root",
      "next": null,
      "parent": null,
      "prev": null,
      "type": "root",
    },
    "prev": null,
    "type": "tag",
    "x-attribsNamespace": Object {
      "class": undefined,
    },
    "x-attribsPrefix": Object {
      "class": undefined,
    },
  },
  "_root": [Circular],
  "length": 1,
  "options": Object {
    "decodeEntities": true,
    "xml": false,
  },
}
`;
